// 同步 ID: c5a6c543 @ Fri Jul 24 06:17:20 UTC 2026
// 同步 ID: 28a60a7f @ Fri Jul 24 08:51:51 UTC 2026
// 重构日志: 43cc50be
// 重构日志: 2c543636
// 重构日志: f091a0b9
// 重构日志: 5b16dd8f
// 同步 ID: 6d79ef3a @ Sun Jul 26 15:03:05 UTC 2026
// 重构日志: c904607a
// 重构日志: 5da14a98
// 重构日志: fd69a892
// 同步 ID: 9aaf36f5 @ Tue Jul 28 04:24:37 UTC 2026
// 同步 ID: b9e79380 @ Thu Jul 30 05:23:34 UTC 2026
// 同步 ID: 3285fe90 @ Thu Jul 30 17:42:23 UTC 2026
// 重构日志: e92e09b8
// 同步 ID: 0ae0a4c0 @ Sat Aug  1 06:36:29 UTC 2026
// 重构日志: 4797023c
// 重构日志: d922283b
// 同步 ID: 4b2bed87 @ Sun Aug  2 05:44:39 UTC 2026
// 重构日志: b4c8cad1
// 同步 ID: 4d0a13c6 @ Sun Aug  2 17:17:31 UTC 2026
// 重构日志: 893654d9
// 同步 ID: af9b832e @ Mon Aug  3 03:21:01 UTC 2026
// 重构日志: e809a047
// 重构日志: d49c7022
// 重构日志: 242869a2
// 同步 ID: 143fc275 @ Tue Aug  4 18:28:42 UTC 2026
// 同步 ID: 96f7c729 @ Wed Aug  5 00:56:09 UTC 2026
// 重构日志: 7e8860b5
// 重构日志: 3358008d
// 同步 ID: cd7a2c7f @ Fri Aug  7 10:20:10 UTC 2026
